src/pages/Dashboard.tsx(5,34): error TS2307: Cannot find module '@/stores/customerStore' or its corresponding type declarations.
src/pages/Dashboard.tsx(6,31): error TS2307: Cannot find module '@/stores/orderStore' or its corresponding type declarations.
src/pages/Dashboard.tsx(16,28): error TS2307: Cannot find module '@/utils/formatters' or its corresponding type declarations.
src/pages/Dashboard.tsx(19,28): error TS2307: Cannot find module '@/components/ui/PageTransition' or its corresponding type declarations.
src/pages/Dashboard.tsx(20,28): error TS2307: Cannot find module '@/components/forms/OrderFormModal' or its corresponding type declarations.
src/stores/orderStore.ts(2,55): error TS2307: Cannot find module '@/db/database' or its corresponding type declarations.
